--------------------------------------------------------------------------------------
Timing Analyzer Summary
--------------------------------------------------------------------------------------

Type           : Worst-case tsu
Slack          : N/A
Required Time  : None
Actual Time    : 27.982 ns
From           : Y0
To             : IR-16:inst2|IR-8:inst2|inst3
From Clock     : --
To Clock       : CP
Failed Paths   : 0

Type           : Worst-case tco
Slack          : N/A
Required Time  : None
Actual Time    : 8.573 ns
From           : IR-16:inst2|IR-8:inst3|inst
To             : Q5
From Clock     : CP
To Clock       : --
Failed Paths   : 0

Type           : Worst-case th
Slack          : N/A
Required Time  : None
Actual Time    : -3.973 ns
From           : X4
To             : IR-16:inst2|IR-8:inst2|inst5
From Clock     : --
To Clock       : CP
Failed Paths   : 0

Type           : Total number of failed paths
Slack          : 
Required Time  : 
Actual Time    : 
From           : 
To             : 
From Clock     : 
To Clock       : 
Failed Paths   : 0

--------------------------------------------------------------------------------------

