--------------------------------------------------------------------------------------
Timing Analyzer Summary
--------------------------------------------------------------------------------------

Type           : Worst-case tsu
Slack          : N/A
Required Time  : None
Actual Time    : 1.738 ns
From           : D14
To             : IR-16:inst2|IR-8:inst|inst3
From Clock     : --
To Clock       : CP
Failed Paths   : 0

Type           : Worst-case tco
Slack          : N/A
Required Time  : None
Actual Time    : 23.517 ns
From           : IR-16:inst2|IR-8:inst1|inst7
To             : F15
From Clock     : A
To Clock       : --
Failed Paths   : 0

Type           : Worst-case tpd
Slack          : N/A
Required Time  : None
Actual Time    : 22.670 ns
From           : S1
To             : F15
From Clock     : --
To Clock       : --
Failed Paths   : 0

Type           : Worst-case th
Slack          : N/A
Required Time  : None
Actual Time    : 0.004 ns
From           : D1
To             : IR-16:inst2|IR-8:inst1|inst4
From Clock     : --
To Clock       : A
Failed Paths   : 0

Type           : Total number of failed paths
Slack          : 
Required Time  : 
Actual Time    : 
From           : 
To             : 
From Clock     : 
To Clock       : 
Failed Paths   : 0

--------------------------------------------------------------------------------------

