Classic Timing Analyzer report for ALU-16
Thu Apr 01 22:07:35 2021
Quartus II Version 8.1 Build 163 10/28/2008 SJ Web Edition


---------------------
; Table of Contents ;
---------------------
  1. Legal Notice
  2. Timing Analyzer Summary
  3. Timing Analyzer Settings
  4. Clock Settings Summary
  5. tsu
  6. tco
  7. tpd
  8. th
  9. Timing Analyzer Messages



----------------
; Legal Notice ;
----------------
Copyright (C) 1991-2008 Altera Corporation
Your use of Altera Corporation's design tools, logic functions 
and other software and tools, and its AMPP partner logic 
functions, and any output files from any of the foregoing 
(including device programming or simulation files), and any 
associated documentation or information are expressly subject 
to the terms and conditions of the Altera Program License 
Subscription Agreement, Altera MegaCore Function License 
Agreement, or other applicable license agreement, including, 
without limitation, that your use is for the sole purpose of 
programming logic devices manufactured by Altera and sold by 
Altera or its authorized distributors.  Please refer to the 
applicable agreement for further details.



+-------------------------------------------------------------------------------------------------------------------------------------------------------------------------+
; Timing Analyzer Summary                                                                                                                                                 ;
+------------------------------+-------+---------------+-------------+------------------------------+------------------------------+------------+----------+--------------+
; Type                         ; Slack ; Required Time ; Actual Time ; From                         ; To                           ; From Clock ; To Clock ; Failed Paths ;
+------------------------------+-------+---------------+-------------+------------------------------+------------------------------+------------+----------+--------------+
; Worst-case tsu               ; N/A   ; None          ; 1.205 ns    ; D10                          ; IR-16:inst1|IR-8:inst|inst7  ; --         ; B        ; 0            ;
; Worst-case tco               ; N/A   ; None          ; 25.877 ns   ; IR-16:inst1|IR-8:inst1|inst5 ; F15                          ; CP         ; --       ; 0            ;
; Worst-case tpd               ; N/A   ; None          ; 25.361 ns   ; S1                           ; F15                          ; --         ; --       ; 0            ;
; Worst-case th                ; N/A   ; None          ; 0.601 ns    ; D3                           ; IR-16:inst2|IR-8:inst1|inst5 ; --         ; CP       ; 0            ;
; Total number of failed paths ;       ;               ;             ;                              ;                              ;            ;          ; 0            ;
+------------------------------+-------+---------------+-------------+------------------------------+------------------------------+------------+----------+--------------+


+--------------------------------------------------------------------------------------------------------------------+
; Timing Analyzer Settings                                                                                           ;
+---------------------------------------------------------------------+--------------------+------+----+-------------+
; Option                                                              ; Setting            ; From ; To ; Entity Name ;
+---------------------------------------------------------------------+--------------------+------+----+-------------+
; Device Name                                                         ; EP2C8Q208C8        ;      ;    ;             ;
; Timing Models                                                       ; Final              ;      ;    ;             ;
; Default hold multicycle                                             ; Same as Multicycle ;      ;    ;             ;
; Cut paths between unrelated clock domains                           ; On                 ;      ;    ;             ;
; Cut off read during write signal paths                              ; On                 ;      ;    ;             ;
; Cut off feedback from I/O pins                                      ; On                 ;      ;    ;             ;
; Report Combined Fast/Slow Timing                                    ; Off                ;      ;    ;             ;
; Ignore Clock Settings                                               ; Off                ;      ;    ;             ;
; Analyze latches as synchronous elements                             ; On                 ;      ;    ;             ;
; Enable Recovery/Removal analysis                                    ; Off                ;      ;    ;             ;
; Enable Clock Latency                                                ; Off                ;      ;    ;             ;
; Use TimeQuest Timing Analyzer                                       ; Off                ;      ;    ;             ;
; Minimum Core Junction Temperature                                   ; 0                  ;      ;    ;             ;
; Maximum Core Junction Temperature                                   ; 85                 ;      ;    ;             ;
; Number of source nodes to report per destination node               ; 10                 ;      ;    ;             ;
; Number of destination nodes to report                               ; 10                 ;      ;    ;             ;
; Number of paths to report                                           ; 200                ;      ;    ;             ;
; Report Minimum Timing Checks                                        ; Off                ;      ;    ;             ;
; Use Fast Timing Models                                              ; Off                ;      ;    ;             ;
; Report IO Paths Separately                                          ; Off                ;      ;    ;             ;
; Perform Multicorner Analysis                                        ; On                 ;      ;    ;             ;
; Reports the worst-case path for each clock domain and analysis      ; Off                ;      ;    ;             ;
; Removes common clock path pessimism (CCPP) during slack computation ; Off                ;      ;    ;             ;
; Output I/O Timing Endpoint                                          ; Near End           ;      ;    ;             ;
+---------------------------------------------------------------------+--------------------+------+----+-------------+


+------------------------------------------------------------------------------------------------------------------------------------------------------------------------------------+
; Clock Settings Summary                                                                                                                                                             ;
+-----------------+--------------------+----------+------------------+---------------+--------------+----------+-----------------------+---------------------+--------+--------------+
; Clock Node Name ; Clock Setting Name ; Type     ; Fmax Requirement ; Early Latency ; Late Latency ; Based on ; Multiply Base Fmax by ; Divide Base Fmax by ; Offset ; Phase offset ;
+-----------------+--------------------+----------+------------------+---------------+--------------+----------+-----------------------+---------------------+--------+--------------+
; B               ;                    ; User Pin ; None             ; 0.000 ns      ; 0.000 ns     ; --       ; N/A                   ; N/A                 ; N/A    ;              ;
; CP              ;                    ; User Pin ; None             ; 0.000 ns      ; 0.000 ns     ; --       ; N/A                   ; N/A                 ; N/A    ;              ;
; A               ;                    ; User Pin ; None             ; 0.000 ns      ; 0.000 ns     ; --       ; N/A                   ; N/A                 ; N/A    ;              ;
+-----------------+--------------------+----------+------------------+---------------+--------------+----------+-----------------------+---------------------+--------+--------------+


+------------------------------------------------------------------------------------+
; tsu                                                                                ;
+-------+--------------+------------+------+------------------------------+----------+
; Slack ; Required tsu ; Actual tsu ; From ; To                           ; To Clock ;
+-------+--------------+------------+------+------------------------------+----------+
; N/A   ; None         ; 1.205 ns   ; D10  ; IR-16:inst1|IR-8:inst|inst7  ; B        ;
; N/A   ; None         ; 1.096 ns   ; D10  ; IR-16:inst1|IR-8:inst|inst7  ; CP       ;
; N/A   ; None         ; 0.902 ns   ; D8   ; IR-16:inst1|IR-8:inst|inst6  ; B        ;
; N/A   ; None         ; 0.899 ns   ; D10  ; IR-16:inst2|IR-8:inst|inst7  ; A        ;
; N/A   ; None         ; 0.880 ns   ; D12  ; IR-16:inst1|IR-8:inst|inst2  ; B        ;
; N/A   ; None         ; 0.875 ns   ; D13  ; IR-16:inst1|IR-8:inst|inst   ; B        ;
; N/A   ; None         ; 0.866 ns   ; D11  ; IR-16:inst1|IR-8:inst|inst5  ; B        ;
; N/A   ; None         ; 0.805 ns   ; D0   ; IR-16:inst1|IR-8:inst1|inst6 ; B        ;
; N/A   ; None         ; 0.793 ns   ; D8   ; IR-16:inst1|IR-8:inst|inst6  ; CP       ;
; N/A   ; None         ; 0.771 ns   ; D12  ; IR-16:inst1|IR-8:inst|inst2  ; CP       ;
; N/A   ; None         ; 0.766 ns   ; D13  ; IR-16:inst1|IR-8:inst|inst   ; CP       ;
; N/A   ; None         ; 0.757 ns   ; D11  ; IR-16:inst1|IR-8:inst|inst5  ; CP       ;
; N/A   ; None         ; 0.753 ns   ; D10  ; IR-16:inst2|IR-8:inst|inst7  ; CP       ;
; N/A   ; None         ; 0.696 ns   ; D0   ; IR-16:inst1|IR-8:inst1|inst6 ; CP       ;
; N/A   ; None         ; 0.599 ns   ; D8   ; IR-16:inst2|IR-8:inst|inst6  ; A        ;
; N/A   ; None         ; 0.575 ns   ; D12  ; IR-16:inst2|IR-8:inst|inst2  ; A        ;
; N/A   ; None         ; 0.572 ns   ; D13  ; IR-16:inst2|IR-8:inst|inst   ; A        ;
; N/A   ; None         ; 0.565 ns   ; D11  ; IR-16:inst2|IR-8:inst|inst5  ; A        ;
; N/A   ; None         ; 0.508 ns   ; D7   ; IR-16:inst1|IR-8:inst1|inst1 ; B        ;
; N/A   ; None         ; 0.503 ns   ; D15  ; IR-16:inst1|IR-8:inst|inst1  ; B        ;
; N/A   ; None         ; 0.502 ns   ; D0   ; IR-16:inst2|IR-8:inst1|inst6 ; A        ;
; N/A   ; None         ; 0.495 ns   ; D4   ; IR-16:inst1|IR-8:inst1|inst2 ; B        ;
; N/A   ; None         ; 0.469 ns   ; D9   ; IR-16:inst1|IR-8:inst|inst4  ; B        ;
; N/A   ; None         ; 0.465 ns   ; D5   ; IR-16:inst1|IR-8:inst1|inst  ; B        ;
; N/A   ; None         ; 0.453 ns   ; D8   ; IR-16:inst2|IR-8:inst|inst6  ; CP       ;
; N/A   ; None         ; 0.445 ns   ; D6   ; IR-16:inst1|IR-8:inst1|inst3 ; B        ;
; N/A   ; None         ; 0.429 ns   ; D12  ; IR-16:inst2|IR-8:inst|inst2  ; CP       ;
; N/A   ; None         ; 0.426 ns   ; D13  ; IR-16:inst2|IR-8:inst|inst   ; CP       ;
; N/A   ; None         ; 0.419 ns   ; D11  ; IR-16:inst2|IR-8:inst|inst5  ; CP       ;
; N/A   ; None         ; 0.399 ns   ; D7   ; IR-16:inst1|IR-8:inst1|inst1 ; CP       ;
; N/A   ; None         ; 0.394 ns   ; D15  ; IR-16:inst1|IR-8:inst|inst1  ; CP       ;
; N/A   ; None         ; 0.386 ns   ; D4   ; IR-16:inst1|IR-8:inst1|inst2 ; CP       ;
; N/A   ; None         ; 0.360 ns   ; D9   ; IR-16:inst1|IR-8:inst|inst4  ; CP       ;
; N/A   ; None         ; 0.356 ns   ; D5   ; IR-16:inst1|IR-8:inst1|inst  ; CP       ;
; N/A   ; None         ; 0.356 ns   ; D0   ; IR-16:inst2|IR-8:inst1|inst6 ; CP       ;
; N/A   ; None         ; 0.336 ns   ; D6   ; IR-16:inst1|IR-8:inst1|inst3 ; CP       ;
; N/A   ; None         ; 0.203 ns   ; D7   ; IR-16:inst2|IR-8:inst1|inst1 ; A        ;
; N/A   ; None         ; 0.200 ns   ; D15  ; IR-16:inst2|IR-8:inst|inst1  ; A        ;
; N/A   ; None         ; 0.191 ns   ; D4   ; IR-16:inst2|IR-8:inst1|inst2 ; A        ;
; N/A   ; None         ; 0.168 ns   ; D9   ; IR-16:inst2|IR-8:inst|inst4  ; A        ;
; N/A   ; None         ; 0.166 ns   ; D5   ; IR-16:inst2|IR-8:inst1|inst  ; A        ;
; N/A   ; None         ; 0.142 ns   ; D6   ; IR-16:inst2|IR-8:inst1|inst3 ; A        ;
; N/A   ; None         ; 0.134 ns   ; D1   ; IR-16:inst1|IR-8:inst1|inst4 ; B        ;
; N/A   ; None         ; 0.131 ns   ; D14  ; IR-16:inst1|IR-8:inst|inst3  ; B        ;
; N/A   ; None         ; 0.131 ns   ; D2   ; IR-16:inst1|IR-8:inst1|inst7 ; B        ;
; N/A   ; None         ; 0.111 ns   ; D3   ; IR-16:inst1|IR-8:inst1|inst5 ; B        ;
; N/A   ; None         ; 0.057 ns   ; D7   ; IR-16:inst2|IR-8:inst1|inst1 ; CP       ;
; N/A   ; None         ; 0.054 ns   ; D15  ; IR-16:inst2|IR-8:inst|inst1  ; CP       ;
; N/A   ; None         ; 0.045 ns   ; D4   ; IR-16:inst2|IR-8:inst1|inst2 ; CP       ;
; N/A   ; None         ; 0.025 ns   ; D1   ; IR-16:inst1|IR-8:inst1|inst4 ; CP       ;
; N/A   ; None         ; 0.022 ns   ; D9   ; IR-16:inst2|IR-8:inst|inst4  ; CP       ;
; N/A   ; None         ; 0.022 ns   ; D14  ; IR-16:inst1|IR-8:inst|inst3  ; CP       ;
; N/A   ; None         ; 0.022 ns   ; D2   ; IR-16:inst1|IR-8:inst1|inst7 ; CP       ;
; N/A   ; None         ; 0.020 ns   ; D5   ; IR-16:inst2|IR-8:inst1|inst  ; CP       ;
; N/A   ; None         ; 0.002 ns   ; D3   ; IR-16:inst1|IR-8:inst1|inst5 ; CP       ;
; N/A   ; None         ; -0.004 ns  ; D6   ; IR-16:inst2|IR-8:inst1|inst3 ; CP       ;
; N/A   ; None         ; -0.169 ns  ; D1   ; IR-16:inst2|IR-8:inst1|inst4 ; A        ;
; N/A   ; None         ; -0.172 ns  ; D14  ; IR-16:inst2|IR-8:inst|inst3  ; A        ;
; N/A   ; None         ; -0.174 ns  ; D2   ; IR-16:inst2|IR-8:inst1|inst7 ; A        ;
; N/A   ; None         ; -0.189 ns  ; D3   ; IR-16:inst2|IR-8:inst1|inst5 ; A        ;
; N/A   ; None         ; -0.315 ns  ; D1   ; IR-16:inst2|IR-8:inst1|inst4 ; CP       ;
; N/A   ; None         ; -0.318 ns  ; D14  ; IR-16:inst2|IR-8:inst|inst3  ; CP       ;
; N/A   ; None         ; -0.320 ns  ; D2   ; IR-16:inst2|IR-8:inst1|inst7 ; CP       ;
; N/A   ; None         ; -0.335 ns  ; D3   ; IR-16:inst2|IR-8:inst1|inst5 ; CP       ;
+-------+--------------+------------+------+------------------------------+----------+


+--------------------------------------------------------------------------------------------------------------------------------------------------------------+
; tco                                                                                                                                                          ;
+-----------------------------------------+-----------------------------------------------------+------------+------------------------------+-----+------------+
; Slack                                   ; Required tco                                        ; Actual tco ; From                         ; To  ; From Clock ;
+-----------------------------------------+-----------------------------------------------------+------------+------------------------------+-----+------------+
; N/A                                     ; None                                                ; 25.877 ns  ; IR-16:inst1|IR-8:inst1|inst5 ; F15 ; CP         ;
; N/A                                     ; None                                                ; 25.871 ns  ; IR-16:inst1|IR-8:inst1|inst5 ; F11 ; CP         ;
; N/A                                     ; None                                                ; 25.768 ns  ; IR-16:inst1|IR-8:inst1|inst5 ; F15 ; B          ;
; N/A                                     ; None                                                ; 25.762 ns  ; IR-16:inst1|IR-8:inst1|inst5 ; F11 ; B          ;
; N/A                                     ; None                                                ; 25.499 ns  ; IR-16:inst2|IR-8:inst1|inst  ; F15 ; CP         ;
; N/A                                     ; None                                                ; 25.493 ns  ; IR-16:inst2|IR-8:inst1|inst  ; F11 ; CP         ;
; N/A                                     ; None                                                ; 25.353 ns  ; IR-16:inst2|IR-8:inst1|inst  ; F15 ; A          ;
; N/A                                     ; None                                                ; 25.347 ns  ; IR-16:inst2|IR-8:inst1|inst  ; F11 ; A          ;
; N/A                                     ; None                                                ; 25.195 ns  ; IR-16:inst1|IR-8:inst1|inst4 ; F15 ; CP         ;
; N/A                                     ; None                                                ; 25.189 ns  ; IR-16:inst1|IR-8:inst1|inst4 ; F11 ; CP         ;
; N/A                                     ; None                                                ; 25.179 ns  ; IR-16:inst2|IR-8:inst1|inst5 ; F15 ; CP         ;
; N/A                                     ; None                                                ; 25.173 ns  ; IR-16:inst2|IR-8:inst1|inst5 ; F11 ; CP         ;
; N/A                                     ; None                                                ; 25.137 ns  ; IR-16:inst1|IR-8:inst|inst6  ; F15 ; CP         ;
; N/A                                     ; None                                                ; 25.088 ns  ; IR-16:inst2|IR-8:inst|inst5  ; F15 ; CP         ;
; N/A                                     ; None                                                ; 25.086 ns  ; IR-16:inst1|IR-8:inst1|inst4 ; F15 ; B          ;
; N/A                                     ; None                                                ; 25.080 ns  ; IR-16:inst1|IR-8:inst1|inst4 ; F11 ; B          ;
; N/A                                     ; None                                                ; 25.040 ns  ; IR-16:inst1|IR-8:inst|inst4  ; F15 ; CP         ;
; N/A                                     ; None                                                ; 25.033 ns  ; IR-16:inst2|IR-8:inst1|inst5 ; F15 ; A          ;
; N/A                                     ; None                                                ; 25.028 ns  ; IR-16:inst1|IR-8:inst|inst6  ; F15 ; B          ;
; N/A                                     ; None                                                ; 25.027 ns  ; IR-16:inst2|IR-8:inst1|inst5 ; F11 ; A          ;
; N/A                                     ; None                                                ; 24.999 ns  ; IR-16:inst2|IR-8:inst1|inst4 ; F15 ; CP         ;
; N/A                                     ; None                                                ; 24.993 ns  ; IR-16:inst2|IR-8:inst1|inst4 ; F11 ; CP         ;
; N/A                                     ; None                                                ; 24.942 ns  ; IR-16:inst2|IR-8:inst|inst5  ; F15 ; A          ;
; N/A                                     ; None                                                ; 24.931 ns  ; IR-16:inst1|IR-8:inst|inst4  ; F15 ; B          ;
; N/A                                     ; None                                                ; 24.853 ns  ; IR-16:inst2|IR-8:inst1|inst4 ; F15 ; A          ;
; N/A                                     ; None                                                ; 24.847 ns  ; IR-16:inst2|IR-8:inst1|inst4 ; F11 ; A          ;
; N/A                                     ; None                                                ; 24.839 ns  ; IR-16:inst1|IR-8:inst1|inst7 ; F15 ; CP         ;
; N/A                                     ; None                                                ; 24.833 ns  ; IR-16:inst1|IR-8:inst1|inst7 ; F11 ; CP         ;
; N/A                                     ; None                                                ; 24.809 ns  ; IR-16:inst2|IR-8:inst|inst4  ; F15 ; CP         ;
; N/A                                     ; None                                                ; 24.786 ns  ; IR-16:inst1|IR-8:inst1|inst6 ; F15 ; CP         ;
; N/A                                     ; None                                                ; 24.780 ns  ; IR-16:inst1|IR-8:inst1|inst6 ; F11 ; CP         ;
; N/A                                     ; None                                                ; 24.730 ns  ; IR-16:inst1|IR-8:inst1|inst7 ; F15 ; B          ;
; N/A                                     ; None                                                ; 24.724 ns  ; IR-16:inst1|IR-8:inst1|inst7 ; F11 ; B          ;
; N/A                                     ; None                                                ; 24.677 ns  ; IR-16:inst1|IR-8:inst1|inst6 ; F15 ; B          ;
; N/A                                     ; None                                                ; 24.671 ns  ; IR-16:inst1|IR-8:inst1|inst6 ; F11 ; B          ;
; N/A                                     ; None                                                ; 24.663 ns  ; IR-16:inst2|IR-8:inst|inst4  ; F15 ; A          ;
; N/A                                     ; None                                                ; 24.583 ns  ; IR-16:inst2|IR-8:inst1|inst1 ; F15 ; CP         ;
; N/A                                     ; None                                                ; 24.577 ns  ; IR-16:inst2|IR-8:inst1|inst1 ; F11 ; CP         ;
; N/A                                     ; None                                                ; 24.532 ns  ; IR-16:inst1|IR-8:inst1|inst5 ; F10 ; CP         ;
; N/A                                     ; None                                                ; 24.506 ns  ; IR-16:inst2|IR-8:inst1|inst7 ; F15 ; CP         ;
; N/A                                     ; None                                                ; 24.500 ns  ; IR-16:inst2|IR-8:inst1|inst7 ; F11 ; CP         ;
; N/A                                     ; None                                                ; 24.488 ns  ; IR-16:inst2|IR-8:inst|inst6  ; F15 ; CP         ;
; N/A                                     ; None                                                ; 24.455 ns  ; IR-16:inst2|IR-8:inst1|inst6 ; F15 ; CP         ;
; N/A                                     ; None                                                ; 24.449 ns  ; IR-16:inst2|IR-8:inst1|inst6 ; F11 ; CP         ;
; N/A                                     ; None                                                ; 24.446 ns  ; IR-16:inst1|IR-8:inst1|inst1 ; F15 ; CP         ;
; N/A                                     ; None                                                ; 24.440 ns  ; IR-16:inst1|IR-8:inst1|inst1 ; F11 ; CP         ;
; N/A                                     ; None                                                ; 24.437 ns  ; IR-16:inst2|IR-8:inst1|inst1 ; F15 ; A          ;
; N/A                                     ; None                                                ; 24.434 ns  ; IR-16:inst1|IR-8:inst1|inst  ; F15 ; CP         ;
; N/A                                     ; None                                                ; 24.431 ns  ; IR-16:inst2|IR-8:inst1|inst1 ; F11 ; A          ;
; N/A                                     ; None                                                ; 24.428 ns  ; IR-16:inst1|IR-8:inst1|inst  ; F11 ; CP         ;
; N/A                                     ; None                                                ; 24.423 ns  ; IR-16:inst1|IR-8:inst1|inst5 ; F10 ; B          ;
; N/A                                     ; None                                                ; 24.393 ns  ; IR-16:inst2|IR-8:inst1|inst2 ; F15 ; CP         ;
; N/A                                     ; None                                                ; 24.387 ns  ; IR-16:inst2|IR-8:inst1|inst2 ; F11 ; CP         ;
; N/A                                     ; None                                                ; 24.360 ns  ; IR-16:inst2|IR-8:inst1|inst7 ; F15 ; A          ;
; N/A                                     ; None                                                ; 24.354 ns  ; IR-16:inst2|IR-8:inst1|inst7 ; F11 ; A          ;
; N/A                                     ; None                                                ; 24.342 ns  ; IR-16:inst2|IR-8:inst|inst6  ; F15 ; A          ;
; N/A                                     ; None                                                ; 24.337 ns  ; IR-16:inst1|IR-8:inst1|inst1 ; F15 ; B          ;
; N/A                                     ; None                                                ; 24.331 ns  ; IR-16:inst1|IR-8:inst1|inst1 ; F11 ; B          ;
; N/A                                     ; None                                                ; 24.325 ns  ; IR-16:inst1|IR-8:inst1|inst  ; F15 ; B          ;
; N/A                                     ; None                                                ; 24.319 ns  ; IR-16:inst1|IR-8:inst1|inst  ; F11 ; B          ;
; N/A                                     ; None                                                ; 24.309 ns  ; IR-16:inst2|IR-8:inst1|inst6 ; F15 ; A          ;
; N/A                                     ; None                                                ; 24.303 ns  ; IR-16:inst2|IR-8:inst1|inst6 ; F11 ; A          ;
; N/A                                     ; None                                                ; 24.292 ns  ; IR-16:inst1|IR-8:inst1|inst5 ; F14 ; CP         ;
; N/A                                     ; None                                                ; 24.286 ns  ; IR-16:inst1|IR-8:inst1|inst2 ; F15 ; CP         ;
; N/A                                     ; None                                                ; 24.280 ns  ; IR-16:inst1|IR-8:inst1|inst2 ; F11 ; CP         ;
; N/A                                     ; None                                                ; 24.247 ns  ; IR-16:inst2|IR-8:inst1|inst2 ; F15 ; A          ;
; N/A                                     ; None                                                ; 24.241 ns  ; IR-16:inst2|IR-8:inst1|inst2 ; F11 ; A          ;
; N/A                                     ; None                                                ; 24.183 ns  ; IR-16:inst1|IR-8:inst1|inst5 ; F14 ; B          ;
; N/A                                     ; None                                                ; 24.177 ns  ; IR-16:inst1|IR-8:inst1|inst2 ; F15 ; B          ;
; N/A                                     ; None                                                ; 24.171 ns  ; IR-16:inst1|IR-8:inst1|inst2 ; F11 ; B          ;
; N/A                                     ; None                                                ; 24.154 ns  ; IR-16:inst2|IR-8:inst1|inst  ; F10 ; CP         ;
; N/A                                     ; None                                                ; 24.008 ns  ; IR-16:inst2|IR-8:inst1|inst  ; F10 ; A          ;
; N/A                                     ; None                                                ; 23.949 ns  ; IR-16:inst1|IR-8:inst1|inst3 ; F15 ; CP         ;
; N/A                                     ; None                                                ; 23.943 ns  ; IR-16:inst1|IR-8:inst1|inst3 ; F11 ; CP         ;
; N/A                                     ; None                                                ; 23.928 ns  ; IR-16:inst2|IR-8:inst|inst7  ; F15 ; CP         ;
; N/A                                     ; None                                                ; 23.916 ns  ; IR-16:inst2|IR-8:inst1|inst3 ; F15 ; CP         ;
; N/A                                     ; None                                                ; 23.914 ns  ; IR-16:inst2|IR-8:inst1|inst  ; F14 ; CP         ;
; N/A                                     ; None                                                ; 23.910 ns  ; IR-16:inst2|IR-8:inst1|inst3 ; F11 ; CP         ;
; N/A                                     ; None                                                ; 23.850 ns  ; IR-16:inst1|IR-8:inst1|inst4 ; F10 ; CP         ;
; N/A                                     ; None                                                ; 23.840 ns  ; IR-16:inst1|IR-8:inst1|inst3 ; F15 ; B          ;
; N/A                                     ; None                                                ; 23.834 ns  ; IR-16:inst1|IR-8:inst1|inst3 ; F11 ; B          ;
; N/A                                     ; None                                                ; 23.834 ns  ; IR-16:inst2|IR-8:inst1|inst5 ; F10 ; CP         ;
; N/A                                     ; None                                                ; 23.782 ns  ; IR-16:inst2|IR-8:inst|inst7  ; F15 ; A          ;
; N/A                                     ; None                                                ; 23.770 ns  ; IR-16:inst2|IR-8:inst1|inst3 ; F15 ; A          ;
; N/A                                     ; None                                                ; 23.768 ns  ; IR-16:inst2|IR-8:inst1|inst  ; F14 ; A          ;
; N/A                                     ; None                                                ; 23.764 ns  ; IR-16:inst2|IR-8:inst1|inst3 ; F11 ; A          ;
; N/A                                     ; None                                                ; 23.741 ns  ; IR-16:inst1|IR-8:inst1|inst4 ; F10 ; B          ;
; N/A                                     ; None                                                ; 23.717 ns  ; IR-16:inst1|IR-8:inst|inst5  ; F15 ; CP         ;
; N/A                                     ; None                                                ; 23.688 ns  ; IR-16:inst2|IR-8:inst1|inst5 ; F10 ; A          ;
; N/A                                     ; None                                                ; 23.666 ns  ; IR-16:inst1|IR-8:inst|inst7  ; F15 ; CP         ;
; N/A                                     ; None                                                ; 23.654 ns  ; IR-16:inst2|IR-8:inst1|inst4 ; F10 ; CP         ;
; N/A                                     ; None                                                ; 23.610 ns  ; IR-16:inst1|IR-8:inst1|inst4 ; F14 ; CP         ;
; N/A                                     ; None                                                ; 23.608 ns  ; IR-16:inst1|IR-8:inst|inst5  ; F15 ; B          ;
; N/A                                     ; None                                                ; 23.594 ns  ; IR-16:inst2|IR-8:inst1|inst5 ; F14 ; CP         ;
; N/A                                     ; None                                                ; 23.557 ns  ; IR-16:inst1|IR-8:inst|inst7  ; F15 ; B          ;
; N/A                                     ; None                                                ; 23.552 ns  ; IR-16:inst1|IR-8:inst|inst6  ; F14 ; CP         ;
; N/A                                     ; None                                                ; 23.508 ns  ; IR-16:inst2|IR-8:inst1|inst4 ; F10 ; A          ;
; N/A                                     ; None                                                ; 23.503 ns  ; IR-16:inst2|IR-8:inst|inst5  ; F14 ; CP         ;
; N/A                                     ; None                                                ; 23.501 ns  ; IR-16:inst1|IR-8:inst1|inst4 ; F14 ; B          ;
; N/A                                     ; None                                                ; 23.494 ns  ; IR-16:inst1|IR-8:inst1|inst7 ; F10 ; CP         ;
; N/A                                     ; None                                                ; 23.455 ns  ; IR-16:inst1|IR-8:inst|inst4  ; F14 ; CP         ;
; N/A                                     ; None                                                ; 23.448 ns  ; IR-16:inst2|IR-8:inst1|inst5 ; F14 ; A          ;
; N/A                                     ; None                                                ; 23.443 ns  ; IR-16:inst1|IR-8:inst|inst6  ; F14 ; B          ;
; N/A                                     ; None                                                ; 23.441 ns  ; IR-16:inst1|IR-8:inst1|inst6 ; F10 ; CP         ;
; N/A                                     ; None                                                ; 23.414 ns  ; IR-16:inst2|IR-8:inst1|inst4 ; F14 ; CP         ;
; N/A                                     ; None                                                ; 23.385 ns  ; IR-16:inst1|IR-8:inst1|inst7 ; F10 ; B          ;
; N/A                                     ; None                                                ; 23.375 ns  ; IR-16:inst1|IR-8:inst1|inst5 ; F12 ; CP         ;
; N/A                                     ; None                                                ; 23.357 ns  ; IR-16:inst2|IR-8:inst|inst5  ; F14 ; A          ;
; N/A                                     ; None                                                ; 23.346 ns  ; IR-16:inst1|IR-8:inst|inst4  ; F14 ; B          ;
; N/A                                     ; None                                                ; 23.341 ns  ; IR-16:inst1|IR-8:inst1|inst5 ; F8  ; CP         ;
; N/A                                     ; None                                                ; 23.332 ns  ; IR-16:inst1|IR-8:inst1|inst6 ; F10 ; B          ;
; N/A                                     ; None                                                ; 23.268 ns  ; IR-16:inst2|IR-8:inst1|inst4 ; F14 ; A          ;
; N/A                                     ; None                                                ; 23.266 ns  ; IR-16:inst1|IR-8:inst1|inst5 ; F12 ; B          ;
; N/A                                     ; None                                                ; 23.254 ns  ; IR-16:inst1|IR-8:inst1|inst7 ; F14 ; CP         ;
; N/A                                     ; None                                                ; 23.238 ns  ; IR-16:inst2|IR-8:inst1|inst1 ; F10 ; CP         ;
; N/A                                     ; None                                                ; 23.232 ns  ; IR-16:inst1|IR-8:inst1|inst5 ; F8  ; B          ;
; N/A                                     ; None                                                ; 23.224 ns  ; IR-16:inst2|IR-8:inst|inst4  ; F14 ; CP         ;
; N/A                                     ; None                                                ; 23.201 ns  ; IR-16:inst1|IR-8:inst1|inst6 ; F14 ; CP         ;
; N/A                                     ; None                                                ; 23.192 ns  ; IR-16:inst1|IR-8:inst1|inst5 ; F9  ; CP         ;
; N/A                                     ; None                                                ; 23.161 ns  ; IR-16:inst2|IR-8:inst1|inst7 ; F10 ; CP         ;
; N/A                                     ; None                                                ; 23.145 ns  ; IR-16:inst1|IR-8:inst1|inst7 ; F14 ; B          ;
; N/A                                     ; None                                                ; 23.110 ns  ; IR-16:inst2|IR-8:inst1|inst6 ; F10 ; CP         ;
; N/A                                     ; None                                                ; 23.101 ns  ; IR-16:inst1|IR-8:inst1|inst1 ; F10 ; CP         ;
; N/A                                     ; None                                                ; 23.099 ns  ; IR-16:inst1|IR-8:inst1|inst5 ; F13 ; CP         ;
; N/A                                     ; None                                                ; 23.092 ns  ; IR-16:inst1|IR-8:inst1|inst6 ; F14 ; B          ;
; N/A                                     ; None                                                ; 23.092 ns  ; IR-16:inst2|IR-8:inst1|inst1 ; F10 ; A          ;
; N/A                                     ; None                                                ; 23.089 ns  ; IR-16:inst1|IR-8:inst1|inst  ; F10 ; CP         ;
; N/A                                     ; None                                                ; 23.083 ns  ; IR-16:inst1|IR-8:inst1|inst5 ; F9  ; B          ;
; N/A                                     ; None                                                ; 23.078 ns  ; IR-16:inst2|IR-8:inst|inst4  ; F14 ; A          ;
; N/A                                     ; None                                                ; 23.048 ns  ; IR-16:inst2|IR-8:inst1|inst2 ; F10 ; CP         ;
; N/A                                     ; None                                                ; 23.015 ns  ; IR-16:inst2|IR-8:inst1|inst7 ; F10 ; A          ;
; N/A                                     ; None                                                ; 22.998 ns  ; IR-16:inst2|IR-8:inst1|inst1 ; F14 ; CP         ;
; N/A                                     ; None                                                ; 22.997 ns  ; IR-16:inst2|IR-8:inst1|inst  ; F12 ; CP         ;
; N/A                                     ; None                                                ; 22.992 ns  ; IR-16:inst1|IR-8:inst1|inst1 ; F10 ; B          ;
; N/A                                     ; None                                                ; 22.990 ns  ; IR-16:inst1|IR-8:inst1|inst5 ; F13 ; B          ;
; N/A                                     ; None                                                ; 22.980 ns  ; IR-16:inst1|IR-8:inst1|inst  ; F10 ; B          ;
; N/A                                     ; None                                                ; 22.964 ns  ; IR-16:inst2|IR-8:inst1|inst6 ; F10 ; A          ;
; N/A                                     ; None                                                ; 22.963 ns  ; IR-16:inst2|IR-8:inst1|inst  ; F8  ; CP         ;
; N/A                                     ; None                                                ; 22.941 ns  ; IR-16:inst1|IR-8:inst1|inst2 ; F10 ; CP         ;
; N/A                                     ; None                                                ; 22.921 ns  ; IR-16:inst2|IR-8:inst1|inst7 ; F14 ; CP         ;
; N/A                                     ; None                                                ; 22.903 ns  ; IR-16:inst2|IR-8:inst|inst6  ; F14 ; CP         ;
; N/A                                     ; None                                                ; 22.902 ns  ; IR-16:inst2|IR-8:inst1|inst2 ; F10 ; A          ;
; N/A                                     ; None                                                ; 22.870 ns  ; IR-16:inst2|IR-8:inst1|inst6 ; F14 ; CP         ;
; N/A                                     ; None                                                ; 22.861 ns  ; IR-16:inst1|IR-8:inst1|inst1 ; F14 ; CP         ;
; N/A                                     ; None                                                ; 22.852 ns  ; IR-16:inst2|IR-8:inst1|inst1 ; F14 ; A          ;
; N/A                                     ; None                                                ; 22.851 ns  ; IR-16:inst2|IR-8:inst1|inst  ; F12 ; A          ;
; N/A                                     ; None                                                ; 22.849 ns  ; IR-16:inst1|IR-8:inst1|inst  ; F14 ; CP         ;
; N/A                                     ; None                                                ; 22.832 ns  ; IR-16:inst1|IR-8:inst1|inst2 ; F10 ; B          ;
; N/A                                     ; None                                                ; 22.817 ns  ; IR-16:inst2|IR-8:inst1|inst  ; F8  ; A          ;
; N/A                                     ; None                                                ; 22.814 ns  ; IR-16:inst2|IR-8:inst1|inst  ; F9  ; CP         ;
; N/A                                     ; None                                                ; 22.808 ns  ; IR-16:inst2|IR-8:inst1|inst2 ; F14 ; CP         ;
; N/A                                     ; None                                                ; 22.805 ns  ; IR-16:inst2|IR-8:inst1|inst6 ; F7  ; CP         ;
; N/A                                     ; None                                                ; 22.775 ns  ; IR-16:inst2|IR-8:inst1|inst7 ; F14 ; A          ;
; N/A                                     ; None                                                ; 22.757 ns  ; IR-16:inst2|IR-8:inst|inst6  ; F14 ; A          ;
; N/A                                     ; None                                                ; 22.752 ns  ; IR-16:inst1|IR-8:inst1|inst1 ; F14 ; B          ;
; N/A                                     ; None                                                ; 22.740 ns  ; IR-16:inst1|IR-8:inst1|inst  ; F14 ; B          ;
; N/A                                     ; None                                                ; 22.724 ns  ; IR-16:inst2|IR-8:inst1|inst6 ; F14 ; A          ;
; N/A                                     ; None                                                ; 22.721 ns  ; IR-16:inst2|IR-8:inst1|inst  ; F13 ; CP         ;
; N/A                                     ; None                                                ; 22.719 ns  ; IR-16:inst1|IR-8:inst1|inst4 ; F7  ; CP         ;
; N/A                                     ; None                                                ; 22.701 ns  ; IR-16:inst1|IR-8:inst1|inst2 ; F14 ; CP         ;
; N/A                                     ; None                                                ; 22.693 ns  ; IR-16:inst1|IR-8:inst1|inst4 ; F12 ; CP         ;
; N/A                                     ; None                                                ; 22.677 ns  ; IR-16:inst2|IR-8:inst1|inst5 ; F12 ; CP         ;
; N/A                                     ; None                                                ; 22.668 ns  ; IR-16:inst2|IR-8:inst1|inst  ; F9  ; A          ;
; N/A                                     ; None                                                ; 22.662 ns  ; IR-16:inst2|IR-8:inst1|inst2 ; F14 ; A          ;
; N/A                                     ; None                                                ; 22.659 ns  ; IR-16:inst1|IR-8:inst1|inst4 ; F8  ; CP         ;
; N/A                                     ; None                                                ; 22.659 ns  ; IR-16:inst2|IR-8:inst1|inst6 ; F7  ; A          ;
; N/A                                     ; None                                                ; 22.643 ns  ; IR-16:inst2|IR-8:inst1|inst5 ; F8  ; CP         ;
; N/A                                     ; None                                                ; 22.639 ns  ; IR-16:inst2|IR-8:inst1|inst7 ; F7  ; CP         ;
; N/A                                     ; None                                                ; 22.618 ns  ; IR-16:inst1|IR-8:inst1|inst5 ; F7  ; CP         ;
; N/A                                     ; None                                                ; 22.610 ns  ; IR-16:inst1|IR-8:inst1|inst4 ; F7  ; B          ;
; N/A                                     ; None                                                ; 22.604 ns  ; IR-16:inst1|IR-8:inst1|inst3 ; F10 ; CP         ;
; N/A                                     ; None                                                ; 22.592 ns  ; IR-16:inst1|IR-8:inst1|inst2 ; F14 ; B          ;
; N/A                                     ; None                                                ; 22.584 ns  ; IR-16:inst1|IR-8:inst1|inst4 ; F12 ; B          ;
; N/A                                     ; None                                                ; 22.575 ns  ; IR-16:inst2|IR-8:inst1|inst  ; F13 ; A          ;
; N/A                                     ; None                                                ; 22.571 ns  ; IR-16:inst2|IR-8:inst1|inst3 ; F10 ; CP         ;
; N/A                                     ; None                                                ; 22.550 ns  ; IR-16:inst1|IR-8:inst1|inst4 ; F8  ; B          ;
; N/A                                     ; None                                                ; 22.531 ns  ; IR-16:inst2|IR-8:inst1|inst5 ; F12 ; A          ;
; N/A                                     ; None                                                ; 22.523 ns  ; IR-16:inst2|IR-8:inst1|inst4 ; F7  ; CP         ;
; N/A                                     ; None                                                ; 22.510 ns  ; IR-16:inst1|IR-8:inst1|inst4 ; F9  ; CP         ;
; N/A                                     ; None                                                ; 22.509 ns  ; IR-16:inst1|IR-8:inst1|inst5 ; F7  ; B          ;
; N/A                                     ; None                                                ; 22.497 ns  ; IR-16:inst2|IR-8:inst1|inst4 ; F12 ; CP         ;
; N/A                                     ; None                                                ; 22.497 ns  ; IR-16:inst2|IR-8:inst1|inst5 ; F8  ; A          ;
; N/A                                     ; None                                                ; 22.495 ns  ; IR-16:inst1|IR-8:inst1|inst3 ; F10 ; B          ;
; N/A                                     ; None                                                ; 22.494 ns  ; IR-16:inst2|IR-8:inst1|inst5 ; F9  ; CP         ;
; N/A                                     ; None                                                ; 22.493 ns  ; IR-16:inst2|IR-8:inst1|inst7 ; F7  ; A          ;
; N/A                                     ; None                                                ; 22.463 ns  ; IR-16:inst2|IR-8:inst1|inst4 ; F8  ; CP         ;
; N/A                                     ; None                                                ; 22.425 ns  ; IR-16:inst2|IR-8:inst1|inst3 ; F10 ; A          ;
; N/A                                     ; None                                                ; 22.417 ns  ; IR-16:inst1|IR-8:inst1|inst4 ; F13 ; CP         ;
; N/A                                     ; None                                                ; 22.401 ns  ; IR-16:inst2|IR-8:inst1|inst5 ; F13 ; CP         ;
; N/A                                     ; None                                                ; 22.401 ns  ; IR-16:inst1|IR-8:inst1|inst4 ; F9  ; B          ;
; N/A                                     ; None                                                ; 22.377 ns  ; IR-16:inst2|IR-8:inst1|inst4 ; F7  ; A          ;
; N/A                                     ; None                                                ; 22.364 ns  ; IR-16:inst1|IR-8:inst1|inst3 ; F14 ; CP         ;
; N/A                                     ; None                                                ; 22.351 ns  ; IR-16:inst2|IR-8:inst1|inst4 ; F12 ; A          ;
; N/A                                     ; None                                                ; 22.348 ns  ; IR-16:inst2|IR-8:inst1|inst5 ; F9  ; A          ;
; N/A                                     ; None                                                ; 22.343 ns  ; IR-16:inst2|IR-8:inst|inst7  ; F14 ; CP         ;
; N/A                                     ; None                                                ; 22.337 ns  ; IR-16:inst1|IR-8:inst1|inst7 ; F12 ; CP         ;
; N/A                                     ; None                                                ; 22.331 ns  ; IR-16:inst2|IR-8:inst1|inst3 ; F14 ; CP         ;
; N/A                                     ; None                                                ; 22.317 ns  ; IR-16:inst2|IR-8:inst1|inst4 ; F8  ; A          ;
; N/A                                     ; None                                                ; 22.314 ns  ; IR-16:inst2|IR-8:inst1|inst4 ; F9  ; CP         ;
; N/A                                     ; None                                                ; 22.308 ns  ; IR-16:inst1|IR-8:inst1|inst4 ; F13 ; B          ;
; Timing analysis restricted to 200 rows. ; To change the limit use Settings (Assignments menu) ;            ;                              ;     ;            ;
+-----------------------------------------+-----------------------------------------------------+------------+------------------------------+-----+------------+


+----------------------------------------------------------+
; tpd                                                      ;
+-------+-------------------+-----------------+------+-----+
; Slack ; Required P2P Time ; Actual P2P Time ; From ; To  ;
+-------+-------------------+-----------------+------+-----+
; N/A   ; None              ; 25.361 ns       ; S1   ; F15 ;
; N/A   ; None              ; 25.142 ns       ; S1   ; F11 ;
; N/A   ; None              ; 23.803 ns       ; S1   ; F10 ;
; N/A   ; None              ; 23.776 ns       ; S1   ; F14 ;
; N/A   ; None              ; 22.657 ns       ; S1   ; F7  ;
; N/A   ; None              ; 22.646 ns       ; S1   ; F12 ;
; N/A   ; None              ; 22.612 ns       ; S1   ; F8  ;
; N/A   ; None              ; 22.463 ns       ; S1   ; F9  ;
; N/A   ; None              ; 22.370 ns       ; S1   ; F13 ;
; N/A   ; None              ; 21.650 ns       ; S1   ; F6  ;
; N/A   ; None              ; 21.616 ns       ; S3   ; F15 ;
; N/A   ; None              ; 21.610 ns       ; S3   ; F11 ;
; N/A   ; None              ; 21.026 ns       ; S1   ; C15 ;
; N/A   ; None              ; 20.871 ns       ; S2   ; F15 ;
; N/A   ; None              ; 20.865 ns       ; S2   ; F11 ;
; N/A   ; None              ; 20.627 ns       ; S0   ; F15 ;
; N/A   ; None              ; 20.621 ns       ; S0   ; F11 ;
; N/A   ; None              ; 20.619 ns       ; S1   ; F4  ;
; N/A   ; None              ; 20.294 ns       ; S1   ; GN  ;
; N/A   ; None              ; 20.271 ns       ; S3   ; F10 ;
; N/A   ; None              ; 20.227 ns       ; S1   ; F5  ;
; N/A   ; None              ; 20.031 ns       ; S3   ; F14 ;
; N/A   ; None              ; 19.526 ns       ; S2   ; F10 ;
; N/A   ; None              ; 19.286 ns       ; S2   ; F14 ;
; N/A   ; None              ; 19.282 ns       ; S0   ; F10 ;
; N/A   ; None              ; 19.114 ns       ; S3   ; F12 ;
; N/A   ; None              ; 19.080 ns       ; S3   ; F8  ;
; N/A   ; None              ; 19.042 ns       ; S0   ; F14 ;
; N/A   ; None              ; 18.931 ns       ; S3   ; F9  ;
; N/A   ; None              ; 18.838 ns       ; S3   ; F13 ;
; N/A   ; None              ; 18.581 ns       ; S3   ; F7  ;
; N/A   ; None              ; 18.424 ns       ; S0   ; F7  ;
; N/A   ; None              ; 18.369 ns       ; S2   ; F12 ;
; N/A   ; None              ; 18.335 ns       ; S2   ; F8  ;
; N/A   ; None              ; 18.262 ns       ; C0N  ; F15 ;
; N/A   ; None              ; 18.256 ns       ; C0N  ; F11 ;
; N/A   ; None              ; 18.219 ns       ; S2   ; F7  ;
; N/A   ; None              ; 18.186 ns       ; S2   ; F9  ;
; N/A   ; None              ; 18.125 ns       ; S0   ; F12 ;
; N/A   ; None              ; 18.093 ns       ; S2   ; F13 ;
; N/A   ; None              ; 18.091 ns       ; S0   ; F8  ;
; N/A   ; None              ; 17.942 ns       ; S0   ; F9  ;
; N/A   ; None              ; 17.901 ns       ; S3   ; F5  ;
; N/A   ; None              ; 17.849 ns       ; S0   ; F13 ;
; N/A   ; None              ; 17.574 ns       ; S3   ; F6  ;
; N/A   ; None              ; 17.504 ns       ; S1   ; F3  ;
; N/A   ; None              ; 17.494 ns       ; S3   ; C15 ;
; N/A   ; None              ; 17.417 ns       ; S0   ; F6  ;
; N/A   ; None              ; 17.404 ns       ; S1   ; F2  ;
; N/A   ; None              ; 17.212 ns       ; S2   ; F6  ;
; N/A   ; None              ; 17.156 ns       ; S2   ; F5  ;
; N/A   ; None              ; 16.917 ns       ; C0N  ; F10 ;
; N/A   ; None              ; 16.749 ns       ; S2   ; C15 ;
; N/A   ; None              ; 16.677 ns       ; C0N  ; F14 ;
; N/A   ; None              ; 16.668 ns       ; M    ; F15 ;
; N/A   ; None              ; 16.543 ns       ; S3   ; F4  ;
; N/A   ; None              ; 16.505 ns       ; S0   ; C15 ;
; N/A   ; None              ; 16.386 ns       ; S0   ; F4  ;
; N/A   ; None              ; 16.345 ns       ; S1   ; F1  ;
; N/A   ; None              ; 16.181 ns       ; S2   ; F4  ;
; N/A   ; None              ; 16.179 ns       ; S3   ; GN  ;
; N/A   ; None              ; 15.994 ns       ; S0   ; F5  ;
; N/A   ; None              ; 15.760 ns       ; C0N  ; F12 ;
; N/A   ; None              ; 15.726 ns       ; C0N  ; F8  ;
; N/A   ; None              ; 15.602 ns       ; S1   ; F0  ;
; N/A   ; None              ; 15.598 ns       ; S0   ; GN  ;
; N/A   ; None              ; 15.577 ns       ; C0N  ; F9  ;
; N/A   ; None              ; 15.484 ns       ; C0N  ; F13 ;
; N/A   ; None              ; 15.441 ns       ; S2   ; GN  ;
; N/A   ; None              ; 15.215 ns       ; M    ; F12 ;
; N/A   ; None              ; 15.077 ns       ; M    ; F14 ;
; N/A   ; None              ; 15.074 ns       ; M    ; F10 ;
; N/A   ; None              ; 14.941 ns       ; M    ; F13 ;
; N/A   ; None              ; 14.887 ns       ; M    ; F8  ;
; N/A   ; None              ; 14.865 ns       ; M    ; F11 ;
; N/A   ; None              ; 14.813 ns       ; S3   ; PN  ;
; N/A   ; None              ; 14.624 ns       ; C0N  ; F7  ;
; N/A   ; None              ; 14.547 ns       ; C0N  ; F5  ;
; N/A   ; None              ; 14.221 ns       ; M    ; F9  ;
; N/A   ; None              ; 14.140 ns       ; C0N  ; C15 ;
; N/A   ; None              ; 13.984 ns       ; M    ; F2  ;
; N/A   ; None              ; 13.981 ns       ; S2   ; PN  ;
; N/A   ; None              ; 13.931 ns       ; M    ; F3  ;
; N/A   ; None              ; 13.617 ns       ; C0N  ; F6  ;
; N/A   ; None              ; 13.615 ns       ; M    ; F5  ;
; N/A   ; None              ; 13.557 ns       ; M    ; F4  ;
; N/A   ; None              ; 13.542 ns       ; M    ; F6  ;
; N/A   ; None              ; 13.540 ns       ; M    ; F7  ;
; N/A   ; None              ; 13.471 ns       ; M    ; F0  ;
; N/A   ; None              ; 13.463 ns       ; M    ; F1  ;
; N/A   ; None              ; 13.363 ns       ; S0   ; F3  ;
; N/A   ; None              ; 13.263 ns       ; S0   ; F2  ;
; N/A   ; None              ; 13.064 ns       ; S3   ; F3  ;
; N/A   ; None              ; 12.964 ns       ; S3   ; F2  ;
; N/A   ; None              ; 12.702 ns       ; S2   ; F3  ;
; N/A   ; None              ; 12.602 ns       ; S2   ; F2  ;
; N/A   ; None              ; 12.586 ns       ; C0N  ; F4  ;
; N/A   ; None              ; 12.391 ns       ; C0N  ; F3  ;
; N/A   ; None              ; 12.291 ns       ; C0N  ; F2  ;
; N/A   ; None              ; 12.204 ns       ; S0   ; F1  ;
; N/A   ; None              ; 11.912 ns       ; S3   ; F1  ;
; N/A   ; None              ; 11.550 ns       ; S2   ; F1  ;
; N/A   ; None              ; 11.461 ns       ; S0   ; F0  ;
; N/A   ; None              ; 11.303 ns       ; S3   ; F0  ;
; N/A   ; None              ; 11.232 ns       ; C0N  ; F1  ;
; N/A   ; None              ; 10.514 ns       ; S2   ; F0  ;
; N/A   ; None              ; 10.490 ns       ; C0N  ; F0  ;
+-------+-------------------+-----------------+------+-----+


+------------------------------------------------------------------------------------------+
; th                                                                                       ;
+---------------+-------------+-----------+------+------------------------------+----------+
; Minimum Slack ; Required th ; Actual th ; From ; To                           ; To Clock ;
+---------------+-------------+-----------+------+------------------------------+----------+
; N/A           ; None        ; 0.601 ns  ; D3   ; IR-16:inst2|IR-8:inst1|inst5 ; CP       ;
; N/A           ; None        ; 0.586 ns  ; D2   ; IR-16:inst2|IR-8:inst1|inst7 ; CP       ;
; N/A           ; None        ; 0.584 ns  ; D14  ; IR-16:inst2|IR-8:inst|inst3  ; CP       ;
; N/A           ; None        ; 0.581 ns  ; D1   ; IR-16:inst2|IR-8:inst1|inst4 ; CP       ;
; N/A           ; None        ; 0.455 ns  ; D3   ; IR-16:inst2|IR-8:inst1|inst5 ; A        ;
; N/A           ; None        ; 0.440 ns  ; D2   ; IR-16:inst2|IR-8:inst1|inst7 ; A        ;
; N/A           ; None        ; 0.438 ns  ; D14  ; IR-16:inst2|IR-8:inst|inst3  ; A        ;
; N/A           ; None        ; 0.435 ns  ; D1   ; IR-16:inst2|IR-8:inst1|inst4 ; A        ;
; N/A           ; None        ; 0.270 ns  ; D6   ; IR-16:inst2|IR-8:inst1|inst3 ; CP       ;
; N/A           ; None        ; 0.264 ns  ; D3   ; IR-16:inst1|IR-8:inst1|inst5 ; CP       ;
; N/A           ; None        ; 0.246 ns  ; D5   ; IR-16:inst2|IR-8:inst1|inst  ; CP       ;
; N/A           ; None        ; 0.244 ns  ; D9   ; IR-16:inst2|IR-8:inst|inst4  ; CP       ;
; N/A           ; None        ; 0.244 ns  ; D14  ; IR-16:inst1|IR-8:inst|inst3  ; CP       ;
; N/A           ; None        ; 0.244 ns  ; D2   ; IR-16:inst1|IR-8:inst1|inst7 ; CP       ;
; N/A           ; None        ; 0.241 ns  ; D1   ; IR-16:inst1|IR-8:inst1|inst4 ; CP       ;
; N/A           ; None        ; 0.221 ns  ; D4   ; IR-16:inst2|IR-8:inst1|inst2 ; CP       ;
; N/A           ; None        ; 0.212 ns  ; D15  ; IR-16:inst2|IR-8:inst|inst1  ; CP       ;
; N/A           ; None        ; 0.209 ns  ; D7   ; IR-16:inst2|IR-8:inst1|inst1 ; CP       ;
; N/A           ; None        ; 0.155 ns  ; D3   ; IR-16:inst1|IR-8:inst1|inst5 ; B        ;
; N/A           ; None        ; 0.135 ns  ; D14  ; IR-16:inst1|IR-8:inst|inst3  ; B        ;
; N/A           ; None        ; 0.135 ns  ; D2   ; IR-16:inst1|IR-8:inst1|inst7 ; B        ;
; N/A           ; None        ; 0.132 ns  ; D1   ; IR-16:inst1|IR-8:inst1|inst4 ; B        ;
; N/A           ; None        ; 0.124 ns  ; D6   ; IR-16:inst2|IR-8:inst1|inst3 ; A        ;
; N/A           ; None        ; 0.100 ns  ; D5   ; IR-16:inst2|IR-8:inst1|inst  ; A        ;
; N/A           ; None        ; 0.098 ns  ; D9   ; IR-16:inst2|IR-8:inst|inst4  ; A        ;
; N/A           ; None        ; 0.075 ns  ; D4   ; IR-16:inst2|IR-8:inst1|inst2 ; A        ;
; N/A           ; None        ; 0.066 ns  ; D15  ; IR-16:inst2|IR-8:inst|inst1  ; A        ;
; N/A           ; None        ; 0.063 ns  ; D7   ; IR-16:inst2|IR-8:inst1|inst1 ; A        ;
; N/A           ; None        ; -0.070 ns ; D6   ; IR-16:inst1|IR-8:inst1|inst3 ; CP       ;
; N/A           ; None        ; -0.090 ns ; D5   ; IR-16:inst1|IR-8:inst1|inst  ; CP       ;
; N/A           ; None        ; -0.090 ns ; D0   ; IR-16:inst2|IR-8:inst1|inst6 ; CP       ;
; N/A           ; None        ; -0.094 ns ; D9   ; IR-16:inst1|IR-8:inst|inst4  ; CP       ;
; N/A           ; None        ; -0.120 ns ; D4   ; IR-16:inst1|IR-8:inst1|inst2 ; CP       ;
; N/A           ; None        ; -0.128 ns ; D15  ; IR-16:inst1|IR-8:inst|inst1  ; CP       ;
; N/A           ; None        ; -0.133 ns ; D7   ; IR-16:inst1|IR-8:inst1|inst1 ; CP       ;
; N/A           ; None        ; -0.153 ns ; D11  ; IR-16:inst2|IR-8:inst|inst5  ; CP       ;
; N/A           ; None        ; -0.160 ns ; D13  ; IR-16:inst2|IR-8:inst|inst   ; CP       ;
; N/A           ; None        ; -0.163 ns ; D12  ; IR-16:inst2|IR-8:inst|inst2  ; CP       ;
; N/A           ; None        ; -0.179 ns ; D6   ; IR-16:inst1|IR-8:inst1|inst3 ; B        ;
; N/A           ; None        ; -0.187 ns ; D8   ; IR-16:inst2|IR-8:inst|inst6  ; CP       ;
; N/A           ; None        ; -0.199 ns ; D5   ; IR-16:inst1|IR-8:inst1|inst  ; B        ;
; N/A           ; None        ; -0.203 ns ; D9   ; IR-16:inst1|IR-8:inst|inst4  ; B        ;
; N/A           ; None        ; -0.229 ns ; D4   ; IR-16:inst1|IR-8:inst1|inst2 ; B        ;
; N/A           ; None        ; -0.236 ns ; D0   ; IR-16:inst2|IR-8:inst1|inst6 ; A        ;
; N/A           ; None        ; -0.237 ns ; D15  ; IR-16:inst1|IR-8:inst|inst1  ; B        ;
; N/A           ; None        ; -0.242 ns ; D7   ; IR-16:inst1|IR-8:inst1|inst1 ; B        ;
; N/A           ; None        ; -0.299 ns ; D11  ; IR-16:inst2|IR-8:inst|inst5  ; A        ;
; N/A           ; None        ; -0.306 ns ; D13  ; IR-16:inst2|IR-8:inst|inst   ; A        ;
; N/A           ; None        ; -0.309 ns ; D12  ; IR-16:inst2|IR-8:inst|inst2  ; A        ;
; N/A           ; None        ; -0.333 ns ; D8   ; IR-16:inst2|IR-8:inst|inst6  ; A        ;
; N/A           ; None        ; -0.430 ns ; D0   ; IR-16:inst1|IR-8:inst1|inst6 ; CP       ;
; N/A           ; None        ; -0.487 ns ; D10  ; IR-16:inst2|IR-8:inst|inst7  ; CP       ;
; N/A           ; None        ; -0.491 ns ; D11  ; IR-16:inst1|IR-8:inst|inst5  ; CP       ;
; N/A           ; None        ; -0.500 ns ; D13  ; IR-16:inst1|IR-8:inst|inst   ; CP       ;
; N/A           ; None        ; -0.505 ns ; D12  ; IR-16:inst1|IR-8:inst|inst2  ; CP       ;
; N/A           ; None        ; -0.527 ns ; D8   ; IR-16:inst1|IR-8:inst|inst6  ; CP       ;
; N/A           ; None        ; -0.539 ns ; D0   ; IR-16:inst1|IR-8:inst1|inst6 ; B        ;
; N/A           ; None        ; -0.600 ns ; D11  ; IR-16:inst1|IR-8:inst|inst5  ; B        ;
; N/A           ; None        ; -0.609 ns ; D13  ; IR-16:inst1|IR-8:inst|inst   ; B        ;
; N/A           ; None        ; -0.614 ns ; D12  ; IR-16:inst1|IR-8:inst|inst2  ; B        ;
; N/A           ; None        ; -0.633 ns ; D10  ; IR-16:inst2|IR-8:inst|inst7  ; A        ;
; N/A           ; None        ; -0.636 ns ; D8   ; IR-16:inst1|IR-8:inst|inst6  ; B        ;
; N/A           ; None        ; -0.830 ns ; D10  ; IR-16:inst1|IR-8:inst|inst7  ; CP       ;
; N/A           ; None        ; -0.939 ns ; D10  ; IR-16:inst1|IR-8:inst|inst7  ; B        ;
+---------------+-------------+-----------+------+------------------------------+----------+


+--------------------------+
; Timing Analyzer Messages ;
+--------------------------+
Info: *******************************************************************
Info: Running Quartus II Classic Timing Analyzer
    Info: Version 8.1 Build 163 10/28/2008 SJ Web Edition
    Info: Processing started: Thu Apr 01 22:07:35 2021
Info: Command: quartus_tan --read_settings_files=off --write_settings_files=off ALU-16 -c ALU-16 --timing_analysis_only
Warning: Found pins functioning as undefined clocks and/or memory enables
    Info: Assuming node "B" is an undefined clock
    Info: Assuming node "CP" is an undefined clock
    Info: Assuming node "A" is an undefined clock
Warning: Found 2 node(s) in clock paths which may be acting as ripple and/or gated clocks -- node(s) analyzed as buffer(s) resulting in clock skew
    Info: Detected gated clock "inst4" as buffer
    Info: Detected gated clock "inst3" as buffer
Info: No valid register-to-register data paths exist for clock "B"
Info: No valid register-to-register data paths exist for clock "CP"
Info: No valid register-to-register data paths exist for clock "A"
Info: tsu for register "IR-16:inst1|IR-8:inst|inst7" (data pin = "D10", clock pin = "B") is 1.205 ns
    Info: + Longest pin to register delay is 8.252 ns
        Info: 1: + IC(0.000 ns) + CELL(0.994 ns) = 0.994 ns; Loc. = PIN_69; Fanout = 2; PIN Node = 'D10'
        Info: 2: + IC(6.798 ns) + CELL(0.460 ns) = 8.252 ns; Loc. = LCFF_X22_Y1_N5; Fanout = 2; REG Node = 'IR-16:inst1|IR-8:inst|inst7'
        Info: Total cell delay = 1.454 ns ( 17.62 % )
        Info: Total interconnect delay = 6.798 ns ( 82.38 % )
    Info: + Micro setup delay of destination is -0.040 ns
    Info: - Shortest clock path from clock "B" to destination register is 7.007 ns
        Info: 1: + IC(0.000 ns) + CELL(1.130 ns) = 1.130 ns; Loc. = PIN_27; Fanout = 1; CLK Node = 'B'
        Info: 2: + IC(1.554 ns) + CELL(0.206 ns) = 2.890 ns; Loc. = LCCOMB_X19_Y10_N8; Fanout = 1; COMB Node = 'inst3'
        Info: 3: + IC(2.530 ns) + CELL(0.000 ns) = 5.420 ns; Loc. = CLKCTRL_G2; Fanout = 16; COMB Node = 'inst3~clkctrl'
        Info: 4: + IC(0.921 ns) + CELL(0.666 ns) = 7.007 ns; Loc. = LCFF_X22_Y1_N5; Fanout = 2; REG Node = 'IR-16:inst1|IR-8:inst|inst7'
        Info: Total cell delay = 2.002 ns ( 28.57 % )
        Info: Total interconnect delay = 5.005 ns ( 71.43 % )
Info: tco from clock "CP" to destination pin "F15" through register "IR-16:inst1|IR-8:inst1|inst5" is 25.877 ns
    Info: + Longest clock path from clock "CP" to source register is 7.116 ns
        Info: 1: + IC(0.000 ns) + CELL(1.150 ns) = 1.150 ns; Loc. = PIN_132; Fanout = 2; CLK Node = 'CP'
        Info: 2: + IC(1.483 ns) + CELL(0.366 ns) = 2.999 ns; Loc. = LCCOMB_X19_Y10_N8; Fanout = 1; COMB Node = 'inst3'
        Info: 3: + IC(2.530 ns) + CELL(0.000 ns) = 5.529 ns; Loc. = CLKCTRL_G2; Fanout = 16; COMB Node = 'inst3~clkctrl'
        Info: 4: + IC(0.921 ns) + CELL(0.666 ns) = 7.116 ns; Loc. = LCFF_X22_Y1_N9; Fanout = 2; REG Node = 'IR-16:inst1|IR-8:inst1|inst5'
        Info: Total cell delay = 2.182 ns ( 30.66 % )
        Info: Total interconnect delay = 4.934 ns ( 69.34 % )
    Info: + Micro clock to output delay of source is 0.304 ns
    Info: + Longest register to pin delay is 18.457 ns
        Info: 1: + IC(0.000 ns) + CELL(0.000 ns) = 0.000 ns; Loc. = LCFF_X22_Y1_N9; Fanout = 2; REG Node = 'IR-16:inst1|IR-8:inst1|inst5'
        Info: 2: + IC(0.781 ns) + CELL(0.650 ns) = 1.431 ns; Loc. = LCCOMB_X22_Y1_N18; Fanout = 3; COMB Node = 'ALU-16:inst|74181:inst|52~51'
        Info: 3: + IC(1.066 ns) + CELL(0.534 ns) = 3.031 ns; Loc. = LCCOMB_X24_Y1_N2; Fanout = 3; COMB Node = 'ALU-16:inst|74182:inst1|10~95'
        Info: 4: + IC(1.422 ns) + CELL(0.206 ns) = 4.659 ns; Loc. = LCCOMB_X21_Y2_N2; Fanout = 2; COMB Node = 'ALU-16:inst|74182:inst1|31~90'
        Info: 5: + IC(1.457 ns) + CELL(0.616 ns) = 6.732 ns; Loc. = LCCOMB_X16_Y3_N12; Fanout = 5; COMB Node = 'ALU-16:inst|74182:inst1|29~40'
        Info: 6: + IC(0.406 ns) + CELL(0.650 ns) = 7.788 ns; Loc. = LCCOMB_X16_Y3_N14; Fanout = 1; COMB Node = 'ALU-16:inst|74181:inst4|75~100'
        Info: 7: + IC(0.382 ns) + CELL(0.624 ns) = 8.794 ns; Loc. = LCCOMB_X16_Y3_N16; Fanout = 2; COMB Node = 'ALU-16:inst|74181:inst4|75~101'
        Info: 8: + IC(0.393 ns) + CELL(0.647 ns) = 9.834 ns; Loc. = LCCOMB_X16_Y3_N20; Fanout = 1; COMB Node = 'ALU-16:inst|74181:inst4|74~42'
        Info: 9: + IC(1.075 ns) + CELL(0.206 ns) = 11.115 ns; Loc. = LCCOMB_X16_Y2_N6; Fanout = 1; COMB Node = 'ALU-16:inst|74181:inst4|77'
        Info: 10: + IC(4.066 ns) + CELL(3.276 ns) = 18.457 ns; Loc. = PIN_165; Fanout = 0; PIN Node = 'F15'
        Info: Total cell delay = 7.409 ns ( 40.14 % )
        Info: Total interconnect delay = 11.048 ns ( 59.86 % )
Info: Longest tpd from source pin "S1" to destination pin "F15" is 25.361 ns
    Info: 1: + IC(0.000 ns) + CELL(0.994 ns) = 0.994 ns; Loc. = PIN_208; Fanout = 16; PIN Node = 'S1'
    Info: 2: + IC(7.104 ns) + CELL(0.624 ns) = 8.722 ns; Loc. = LCCOMB_X16_Y2_N26; Fanout = 2; COMB Node = 'ALU-16:inst|74181:inst3|44~17'
    Info: 3: + IC(0.712 ns) + CELL(0.651 ns) = 10.085 ns; Loc. = LCCOMB_X16_Y2_N18; Fanout = 2; COMB Node = 'ALU-16:inst|74181:inst3|75~87'
    Info: 4: + IC(1.776 ns) + CELL(0.370 ns) = 12.231 ns; Loc. = LCCOMB_X22_Y1_N2; Fanout = 3; COMB Node = 'ALU-16:inst|74181:inst3|63~226'
    Info: 5: + IC(1.837 ns) + CELL(0.624 ns) = 14.692 ns; Loc. = LCCOMB_X16_Y3_N14; Fanout = 1; COMB Node = 'ALU-16:inst|74181:inst4|75~100'
    Info: 6: + IC(0.382 ns) + CELL(0.624 ns) = 15.698 ns; Loc. = LCCOMB_X16_Y3_N16; Fanout = 2; COMB Node = 'ALU-16:inst|74181:inst4|75~101'
    Info: 7: + IC(0.393 ns) + CELL(0.647 ns) = 16.738 ns; Loc. = LCCOMB_X16_Y3_N20; Fanout = 1; COMB Node = 'ALU-16:inst|74181:inst4|74~42'
    Info: 8: + IC(1.075 ns) + CELL(0.206 ns) = 18.019 ns; Loc. = LCCOMB_X16_Y2_N6; Fanout = 1; COMB Node = 'ALU-16:inst|74181:inst4|77'
    Info: 9: + IC(4.066 ns) + CELL(3.276 ns) = 25.361 ns; Loc. = PIN_165; Fanout = 0; PIN Node = 'F15'
    Info: Total cell delay = 8.016 ns ( 31.61 % )
    Info: Total interconnect delay = 17.345 ns ( 68.39 % )
Info: th for register "IR-16:inst2|IR-8:inst1|inst5" (data pin = "D3", clock pin = "CP") is 0.601 ns
    Info: + Longest clock path from clock "CP" to destination register is 7.456 ns
        Info: 1: + IC(0.000 ns) + CELL(1.150 ns) = 1.150 ns; Loc. = PIN_132; Fanout = 2; CLK Node = 'CP'
        Info: 2: + IC(1.480 ns) + CELL(0.624 ns) = 3.254 ns; Loc. = LCCOMB_X19_Y10_N10; Fanout = 1; COMB Node = 'inst4'
        Info: 3: + IC(2.615 ns) + CELL(0.000 ns) = 5.869 ns; Loc. = CLKCTRL_G0; Fanout = 16; COMB Node = 'inst4~clkctrl'
        Info: 4: + IC(0.921 ns) + CELL(0.666 ns) = 7.456 ns; Loc. = LCFF_X22_Y1_N19; Fanout = 2; REG Node = 'IR-16:inst2|IR-8:inst1|inst5'
        Info: Total cell delay = 2.440 ns ( 32.73 % )
        Info: Total interconnect delay = 5.016 ns ( 67.27 % )
    Info: + Micro hold delay of destination is 0.306 ns
    Info: - Shortest pin to register delay is 7.161 ns
        Info: 1: + IC(0.000 ns) + CELL(0.974 ns) = 0.974 ns; Loc. = PIN_82; Fanout = 2; PIN Node = 'D3'
        Info: 2: + IC(5.727 ns) + CELL(0.460 ns) = 7.161 ns; Loc. = LCFF_X22_Y1_N19; Fanout = 2; REG Node = 'IR-16:inst2|IR-8:inst1|inst5'
        Info: Total cell delay = 1.434 ns ( 20.03 % )
        Info: Total interconnect delay = 5.727 ns ( 79.97 % )
Info: Quartus II Classic Timing Analyzer was successful. 0 errors, 2 warnings
    Info: Peak virtual memory: 197 megabytes
    Info: Processing ended: Thu Apr 01 22:07:35 2021
    Info: Elapsed time: 00:00:00
    Info: Total CPU time (on all processors): 00:00:00


